// Jest Snapshot v1, https://goo.gl/fbAQLP

exports[`test component should render success 1`] = `
<main>
  <ti-grid>
    <wx-view>
      <wx-view
        class="titian-grid-title"
      >
        基本用法
      </wx-view>
      <wx-view
        class="ext-class titian-grid-gutter titian-grid"
        style="padding-left:4px"
      >
        <ti-grid-item
          class="item"
          bind:click="itemClick"
        >
          <wx-view
            class="ext-class titian-grid-item"
            style="width:25%;margin-top:4px;padding-right:4px"
            bind:tap="onClick"
          >
            <wx-view
              class="content-class titian-grid-item-content-gutter titian-grid-item-content"
              style="flex-direction: column"
              bind:tap="onClick"
            >
              <wx-view>
                <ti-icon
                  extClass="icon-class"
                >
                  <wx-view
                    class="titian-icon-base titian-icon titian-icon-home ext-class"
                    style="font-size:56rpx"
                    bind:tap="onClick"
                  />
                </ti-icon>
              </wx-view>
              <wx-view
                class="text-class titian-grid-item-text"
              >
                Grid
              </wx-view>
            </wx-view>
          </wx-view>
        </ti-grid-item>
        <ti-grid-item>
          <wx-view
            class="ext-class titian-grid-item"
            style="width:25%;margin-top:4px;padding-right:4px"
            bind:tap="onClick"
          >
            <wx-view
              class="content-class titian-grid-item-content-gutter titian-grid-item-content"
              style="flex-direction: column"
              bind:tap="onClick"
            >
              <wx-view>
                <ti-icon
                  extClass="icon-class"
                >
                  <wx-view
                    class="titian-icon-base titian-icon titian-icon-home ext-class"
                    style="font-size:56rpx"
                    bind:tap="onClick"
                  />
                </ti-icon>
              </wx-view>
              <wx-view
                class="text-class titian-grid-item-text"
              >
                Grid
              </wx-view>
            </wx-view>
          </wx-view>
        </ti-grid-item>
        <ti-grid-item>
          <wx-view
            class="ext-class titian-grid-item"
            style="width:25%;margin-top:4px;padding-right:4px"
            bind:tap="onClick"
          >
            <wx-view
              class="content-class titian-grid-item-content-gutter titian-grid-item-content"
              style="flex-direction: column"
              bind:tap="onClick"
            >
              <wx-view>
                <ti-icon
                  extClass="icon-class"
                >
                  <wx-view
                    class="titian-icon-base titian-icon titian-icon-home ext-class"
                    style="font-size:56rpx"
                    bind:tap="onClick"
                  />
                </ti-icon>
              </wx-view>
              <wx-view
                class="text-class titian-grid-item-text"
              >
                Grid
              </wx-view>
            </wx-view>
          </wx-view>
        </ti-grid-item>
        <ti-grid-item>
          <wx-view
            class="ext-class titian-grid-item"
            style="width:25%;margin-top:4px;padding-right:4px"
            bind:tap="onClick"
          >
            <wx-view
              class="content-class titian-grid-item-content-gutter titian-grid-item-content"
              style="flex-direction: column"
              bind:tap="onClick"
            >
              <wx-view>
                <ti-icon
                  extClass="icon-class"
                >
                  <wx-view
                    class="titian-icon-base titian-icon titian-icon-home ext-class"
                    style="font-size:56rpx"
                    bind:tap="onClick"
                  />
                </ti-icon>
              </wx-view>
              <wx-view
                class="text-class titian-grid-item-text"
              >
                Grid
              </wx-view>
            </wx-view>
          </wx-view>
        </ti-grid-item>
      </wx-view>
    </wx-view>
  </ti-grid>
  <ti-grid>
    <wx-view>
      <wx-view
        class="titian-grid-title"
      >
        基本用法
      </wx-view>
      <wx-view
        class="ext-class titian-grid-gutter titian-grid"
        style="padding-left:4px"
      />
    </wx-view>
  </ti-grid>
</main>
`;
