// Jest Snapshot v1, https://goo.gl/fbAQLP

exports[`test component should render success 1`] = `
<main>
  <wx-view
    class="titian-uploader titian-uploader-small ext-class"
    style=""
  >
    <wx-view
      class="titian-uploader-action ext-action-class"
      bind:tap="onSelect"
    >
      <wx-view
        class="titian-uploader-action-icon-box"
      >
        <ti-icon
          class="titian-uploader-action-icon"
          extClass="titian-uploader-icon"
        >
          <wx-view
            class="titian-icon-base titian-icon titian-icon-plus ext-class"
            style="font-size:30rpx"
            bind:tap="onClick"
          />
        </ti-icon>
        <wx-text
          class="titian-uploader-action-text"
        >
          上传图片
        </wx-text>
      </wx-view>
    </wx-view>
  </wx-view>
</main>
`;
