// Jest Snapshot v1, https://goo.gl/fbAQLP

exports[`test component should render options props success 1`] = `
<main
  name="test"
>
  <wx-view
    class="ext-class titian-checkbox-group"
    style=""
  >
    <ti-checkbox
      class="internal_children"
    >
      <wx-view
        class="ext-class titian-checkbox-checked titian-checkbox"
        style=""
      >
        <wx-view
          class="titian-checkbox-icon-wrap-checked titian-checkbox-icon-wrap"
          style="--base-radius-size:999px; height: 32rpx"
          bind:tap="onChange"
        >
          <ti-icon
            extClass="icon-class titian-checkbox-icon-zoom-in titian-checkbox-icon-checked titian-checkbox-icon-animation titian-checkbox-icon"
          >
            <wx-view
              class="titian-icon-base titian-icon titian-icon-checkbox-hollow ext-class"
              style="line-height:32rpx;height:32rpx;width:32rpx;font-size:32rpx"
              bind:tap="onClick"
            />
          </ti-icon>
        </wx-view>
        <wx-view
          class="titian-checkbox-label"
          bind:tap="onClick"
        >
          选项 A
        </wx-view>
      </wx-view>
    </ti-checkbox>
    <ti-checkbox
      class="internal_children"
    >
      <wx-view
        class="ext-class titian-checkbox"
        style=""
      >
        <wx-view
          class="titian-checkbox-icon-wrap"
          style="--base-radius-size:999px; height: 32rpx"
          bind:tap="onChange"
        >
          <ti-icon
            extClass="icon-class titian-checkbox-icon-zoom-out titian-checkbox-icon-animation titian-checkbox-icon"
          >
            <wx-view
              class="titian-icon-base titian-icon titian-icon-checkbox-hollow ext-class"
              style="line-height:32rpx;height:32rpx;width:32rpx;font-size:32rpx"
              bind:tap="onClick"
            />
          </ti-icon>
        </wx-view>
        <wx-view
          class="titian-checkbox-label"
          bind:tap="onClick"
        >
          选项 B
        </wx-view>
      </wx-view>
    </ti-checkbox>
    <ti-checkbox
      class="internal_children"
    >
      <wx-view
        class="ext-class titian-checkbox-checked titian-checkbox"
        style=""
      >
        <wx-view
          class="titian-checkbox-icon-wrap-checked titian-checkbox-icon-wrap"
          style="--base-radius-size:999px; height: 32rpx"
          bind:tap="onChange"
        >
          <ti-icon
            extClass="icon-class titian-checkbox-icon-zoom-in titian-checkbox-icon-checked titian-checkbox-icon-animation titian-checkbox-icon"
          >
            <wx-view
              class="titian-icon-base titian-icon titian-icon-checkbox-hollow ext-class"
              style="line-height:32rpx;height:32rpx;width:32rpx;font-size:32rpx"
              bind:tap="onClick"
            />
          </ti-icon>
        </wx-view>
        <wx-view
          class="titian-checkbox-label"
          bind:tap="onClick"
        >
          选项 C
        </wx-view>
      </wx-view>
    </ti-checkbox>
  </wx-view>
</main>
`;

exports[`test component should render success 1`] = `
<main>
  <wx-view
    class="ext-class titian-checkbox-group"
    style=""
  />
</main>
`;
