// Jest Snapshot v1, https://goo.gl/fbAQLP

exports[`test component should render success 1`] = `<main />`;
