// Jest Snapshot v1, https://goo.gl/fbAQLP

exports[`test component should render success 1`] = `
<main>
  <ti-popup
    extClass="titian-action-sheet"
    bind:close="onClose"
  >
    <ti-transition
      enterDoneClass="titian-popup-enter-done"
      exitClass="titian-popup-enter-done"
      extClass="titian-popup-mask ext-mask-class"
      preventScroll="{{true}}"
      bind:tap="onTapMask"
      catch:touchmove="noop"
    />
    <ti-transition
      enterActiveClass="titian-popup-slide-up-start-active titian-popup"
      enterClass="titian-popup-slide-up-start titian-popup"
      enterDoneClass="titian-popup-slide-up-middle titian-popup"
      exitActiveClass="titian-popup-slide-up-end-active titian-popup"
      exitClass="titian-popup-slide-up-middle titian-popup"
      exitDoneClass="titian-popup-slide-up-end titian-popup"
      extClass="ext-content-class titian-popup-bottom titian-popup"
      bind:enter="onEnter"
      bind:entered="onEntered"
      bind:exit="onExit"
      bind:exited="onExited"
      catch:touchmove="noop"
    />
  </ti-popup>
</main>
`;
