// Jest Snapshot v1, https://goo.gl/fbAQLP

exports[`test component should render success 1`] = `
<main>
  <wx-view
    class="ext-class titian-dropdown-menu"
    style=""
  >
    <wx-view
      class="titian-dropdown-menu-title-wrap"
    >
      <wx-view
        class="title-class titian-dropdown-menu-title titian-dropdown-menu-title-0"
        data-idx="{{0}}"
      >
        <ti-button
          data-idx="{{0}}"
          bind:click="onTitleToggle"
        >
          <wx-button
            appParameter=""
            class="ext-class titian-button-block titian-button-hairline titian-button titian-button-text titian-button-type-primary titian-button-size-big"
            data-detail="{{null}}"
            disabled="{{false}}"
            formType=""
            hoverClass="active"
            hoverStartTime="{{20}}"
            hoverStayTime="{{70}}"
            id="titian-button"
            lang="en"
            loading="{{false}}"
            openType=""
            scope=""
            sendMessageImg=""
            sendMessagePath=""
            sendMessageTitle=""
            sessionFrom=""
            showMessageCard="{{false}}"
            size="big"
            style="--text-color:var(--button-text-color,black);--loading-color:var(--button-loading-color, --text-color);--background-color:transparent;--active-color:transparent"
            bind:FollowLifestyle="bindFollowLifestyle"
            bind:contact="onContact"
            bind:error="onError"
            bind:getAuthorize="bindGetAuthorize"
            bind:getphonenumber="onGetphonenumber"
            bind:getuserinfo="onGetuserinfo"
            bind:launchapp="onLaunchapp"
            bind:opensetting="onOpensetting"
            bind:tap="onClick"
          >
            <wx-view
              class="titian-button-content button-inner-class"
            >
              
        title
        
              <wx-view
                class="titian-dropdown-menu-icon"
              >
                <ti-icon>
                  <wx-view
                    class="titian-icon-base titian-icon titian-icon-arrow-down ext-class"
                    style=""
                    bind:tap="onClick"
                  />
                </ti-icon>
              </wx-view>
            </wx-view>
          </wx-button>
        </ti-button>
      </wx-view>
    </wx-view>
  </wx-view>
</main>
`;
